// Jest Snapshot v1, https://goo.gl/fbAQLP

exports[`EventsScreen should render EventsScreen correctly 1`] = `
<RCTScrollView>
  <View />
</RCTScrollView>
`;
